[0.016s][info][gc,heap] Heap region size: 1M
[0.082s][info][gc     ] Using G1
[0.082s][info][gc,heap,coops] Heap address: 0x00000000e0000000, size: 512 MB, Compressed Oops mode: 32-bit
[1.310s][info][gc,start     ] GC(0) Pause Young (G1 Evacuation Pause)
[1.310s][info][gc,task      ] GC(0) Using 2 workers of 2 for evacuation
[1.322s][info][gc,phases    ] GC(0)   Pre Evacuate Collection Set: 0.0ms
[1.322s][info][gc,phases    ] GC(0)   Evacuate Collection Set: 9.9ms
[1.322s][info][gc,phases    ] GC(0)   Post Evacuate Collection Set: 1.3ms
[1.322s][info][gc,phases    ] GC(0)   Other: 0.2ms
[1.322s][info][gc,heap      ] GC(0) Eden regions: 25->0(21)
[1.322s][info][gc,heap      ] GC(0) Survivor regions: 0->4(4)
[1.322s][info][gc,heap      ] GC(0) Old regions: 0->3
[1.322s][info][gc,heap      ] GC(0) Humongous regions: 0->0
[1.322s][info][gc,metaspace ] GC(0) Metaspace: 13178K->13178K(1062912K)
[1.322s][info][gc           ] GC(0) Pause Young (G1 Evacuation Pause) 25M->6M(512M) 11.440ms
[1.322s][info][gc,cpu       ] GC(0) User=0.01s Sys=0.00s Real=0.01s
[1.824s][info][gc,start     ] GC(1) Pause Young (G1 Evacuation Pause)
[1.824s][info][gc,task      ] GC(1) Using 2 workers of 2 for evacuation
[1.836s][info][gc,phases    ] GC(1)   Pre Evacuate Collection Set: 0.0ms
[1.836s][info][gc,phases    ] GC(1)   Evacuate Collection Set: 8.2ms
[1.836s][info][gc,phases    ] GC(1)   Post Evacuate Collection Set: 3.4ms
[1.836s][info][gc,phases    ] GC(1)   Other: 0.1ms
[1.836s][info][gc,heap      ] GC(1) Eden regions: 21->0(21)
[1.836s][info][gc,heap      ] GC(1) Survivor regions: 4->4(4)
[1.836s][info][gc,heap      ] GC(1) Old regions: 3->8
[1.836s][info][gc,heap      ] GC(1) Humongous regions: 0->0
[1.836s][info][gc,metaspace ] GC(1) Metaspace: 14440K->14440K(1062912K)
[1.836s][info][gc           ] GC(1) Pause Young (G1 Evacuation Pause) 27M->11M(512M) 11.904ms
[1.836s][info][gc,cpu       ] GC(1) User=0.02s Sys=0.00s Real=0.01s
[2.064s][info][gc,start     ] GC(2) Pause Young (G1 Evacuation Pause)
[2.065s][info][gc,task      ] GC(2) Using 2 workers of 2 for evacuation
[2.075s][info][gc,phases    ] GC(2)   Pre Evacuate Collection Set: 0.0ms
[2.075s][info][gc,phases    ] GC(2)   Evacuate Collection Set: 6.7ms
[2.075s][info][gc,phases    ] GC(2)   Post Evacuate Collection Set: 3.8ms
[2.075s][info][gc,phases    ] GC(2)   Other: 0.2ms
[2.075s][info][gc,heap      ] GC(2) Eden regions: 21->0(21)
[2.075s][info][gc,heap      ] GC(2) Survivor regions: 4->4(4)
[2.075s][info][gc,heap      ] GC(2) Old regions: 8->14
[2.075s][info][gc,heap      ] GC(2) Humongous regions: 0->0
[2.075s][info][gc,metaspace ] GC(2) Metaspace: 14467K->14467K(1062912K)
[2.075s][info][gc           ] GC(2) Pause Young (G1 Evacuation Pause) 32M->17M(512M) 10.756ms
[2.075s][info][gc,cpu       ] GC(2) User=0.01s Sys=0.00s Real=0.01s
[2.317s][info][gc,start     ] GC(3) Pause Young (G1 Evacuation Pause)
[2.317s][info][gc,task      ] GC(3) Using 2 workers of 2 for evacuation
[2.332s][info][gc,phases    ] GC(3)   Pre Evacuate Collection Set: 0.0ms
[2.332s][info][gc,phases    ] GC(3)   Evacuate Collection Set: 7.9ms
[2.332s][info][gc,phases    ] GC(3)   Post Evacuate Collection Set: 7.8ms
[2.332s][info][gc,phases    ] GC(3)   Other: 0.2ms
[2.332s][info][gc,heap      ] GC(3) Eden regions: 21->0(25)
[2.332s][info][gc,heap      ] GC(3) Survivor regions: 4->4(4)
[2.332s][info][gc,heap      ] GC(3) Old regions: 14->21
[2.332s][info][gc,heap      ] GC(3) Humongous regions: 0->0
[2.332s][info][gc,metaspace ] GC(3) Metaspace: 14478K->14478K(1062912K)
[2.332s][info][gc           ] GC(3) Pause Young (G1 Evacuation Pause) 38M->24M(512M) 15.879ms
[2.332s][info][gc,cpu       ] GC(3) User=0.02s Sys=0.00s Real=0.01s
[2.577s][info][gc,start     ] GC(4) Pause Young (GCLocker Initiated GC)
[2.577s][info][gc,task      ] GC(4) Using 2 workers of 2 for evacuation
[2.589s][info][gc,phases    ] GC(4)   Pre Evacuate Collection Set: 0.0ms
[2.589s][info][gc,phases    ] GC(4)   Evacuate Collection Set: 7.2ms
[2.589s][info][gc,phases    ] GC(4)   Post Evacuate Collection Set: 4.8ms
[2.589s][info][gc,phases    ] GC(4)   Other: 0.1ms
[2.589s][info][gc,heap      ] GC(4) Eden regions: 25->0(32)
[2.589s][info][gc,heap      ] GC(4) Survivor regions: 4->4(4)
[2.589s][info][gc,heap      ] GC(4) Old regions: 21->28
[2.589s][info][gc,heap      ] GC(4) Humongous regions: 0->0
[2.589s][info][gc,metaspace ] GC(4) Metaspace: 14486K->14486K(1062912K)
[2.589s][info][gc           ] GC(4) Pause Young (GCLocker Initiated GC) 49M->32M(512M) 12.273ms
[2.589s][info][gc,cpu       ] GC(4) User=0.02s Sys=0.00s Real=0.01s
[2.898s][info][gc,start     ] GC(5) Pause Young (GCLocker Initiated GC)
[2.898s][info][gc,task      ] GC(5) Using 2 workers of 2 for evacuation
[2.920s][info][gc,phases    ] GC(5)   Pre Evacuate Collection Set: 0.0ms
[2.920s][info][gc,phases    ] GC(5)   Evacuate Collection Set: 12.7ms
[2.920s][info][gc,phases    ] GC(5)   Post Evacuate Collection Set: 8.8ms
[2.920s][info][gc,phases    ] GC(5)   Other: 0.2ms
[2.920s][info][gc,heap      ] GC(5) Eden regions: 32->0(37)
[2.920s][info][gc,heap      ] GC(5) Survivor regions: 4->5(5)
[2.920s][info][gc,heap      ] GC(5) Old regions: 28->37
[2.920s][info][gc,heap      ] GC(5) Humongous regions: 0->0
[2.920s][info][gc,metaspace ] GC(5) Metaspace: 14487K->14487K(1062912K)
[2.920s][info][gc           ] GC(5) Pause Young (GCLocker Initiated GC) 63M->42M(512M) 21.766ms
[2.920s][info][gc,cpu       ] GC(5) User=0.01s Sys=0.01s Real=0.02s
[3.294s][info][gc,start     ] GC(6) Pause Young (G1 Evacuation Pause)
[3.294s][info][gc,task      ] GC(6) Using 2 workers of 2 for evacuation
[3.319s][info][gc,phases    ] GC(6)   Pre Evacuate Collection Set: 0.0ms
[3.319s][info][gc,phases    ] GC(6)   Evacuate Collection Set: 15.5ms
[3.319s][info][gc,phases    ] GC(6)   Post Evacuate Collection Set: 9.5ms
[3.319s][info][gc,phases    ] GC(6)   Other: 0.2ms
[3.319s][info][gc,heap      ] GC(6) Eden regions: 37->0(45)
[3.319s][info][gc,heap      ] GC(6) Survivor regions: 5->6(6)
[3.319s][info][gc,heap      ] GC(6) Old regions: 37->48
[3.319s][info][gc,heap      ] GC(6) Humongous regions: 0->0
[3.319s][info][gc,metaspace ] GC(6) Metaspace: 14494K->14494K(1062912K)
[3.319s][info][gc           ] GC(6) Pause Young (G1 Evacuation Pause) 79M->53M(512M) 25.323ms
[3.319s][info][gc,cpu       ] GC(6) User=0.04s Sys=0.00s Real=0.03s
[3.883s][info][gc,start     ] GC(7) Pause Young (G1 Evacuation Pause)
[3.883s][info][gc,task      ] GC(7) Using 2 workers of 2 for evacuation
[3.918s][info][gc,phases    ] GC(7)   Pre Evacuate Collection Set: 0.0ms
[3.918s][info][gc,phases    ] GC(7)   Evacuate Collection Set: 21.7ms
[3.918s][info][gc,phases    ] GC(7)   Post Evacuate Collection Set: 13.8ms
[3.918s][info][gc,phases    ] GC(7)   Other: 0.2ms
[3.918s][info][gc,heap      ] GC(7) Eden regions: 44->0(54)
[3.918s][info][gc,heap      ] GC(7) Survivor regions: 6->7(7)
[3.918s][info][gc,heap      ] GC(7) Old regions: 48->59
[3.918s][info][gc,heap      ] GC(7) Humongous regions: 0->0
[3.918s][info][gc,metaspace ] GC(7) Metaspace: 14495K->14495K(1062912K)
[3.918s][info][gc           ] GC(7) Pause Young (G1 Evacuation Pause) 97M->65M(512M) 35.736ms
[3.918s][info][gc,cpu       ] GC(7) User=0.07s Sys=0.01s Real=0.04s
[4.741s][info][gc,start     ] GC(8) Pause Young (G1 Evacuation Pause)
[4.741s][info][gc,task      ] GC(8) Using 2 workers of 2 for evacuation
[4.758s][info][gc,phases    ] GC(8)   Pre Evacuate Collection Set: 0.0ms
[4.758s][info][gc,phases    ] GC(8)   Evacuate Collection Set: 10.9ms
[4.758s][info][gc,phases    ] GC(8)   Post Evacuate Collection Set: 6.5ms
[4.758s][info][gc,phases    ] GC(8)   Other: 0.2ms
[4.758s][info][gc,heap      ] GC(8) Eden regions: 52->0(67)
[4.758s][info][gc,heap      ] GC(8) Survivor regions: 7->8(8)
[4.758s][info][gc,heap      ] GC(8) Old regions: 59->69
[4.758s][info][gc,heap      ] GC(8) Humongous regions: 0->0
[4.758s][info][gc,metaspace ] GC(8) Metaspace: 18632K->18632K(1067008K)
[4.758s][info][gc           ] GC(8) Pause Young (G1 Evacuation Pause) 117M->76M(512M) 17.606ms
[4.758s][info][gc,cpu       ] GC(8) User=0.03s Sys=0.00s Real=0.02s
[5.031s][info][gc,start     ] GC(9) Pause Initial Mark (Metadata GC Threshold)
[5.031s][info][gc,task      ] GC(9) Using 2 workers of 2 for evacuation
[5.042s][info][gc,phases    ] GC(9)   Pre Evacuate Collection Set: 0.0ms
[5.042s][info][gc,phases    ] GC(9)   Evacuate Collection Set: 8.9ms
[5.042s][info][gc,phases    ] GC(9)   Post Evacuate Collection Set: 2.1ms
[5.042s][info][gc,phases    ] GC(9)   Other: 0.2ms
[5.042s][info][gc,heap      ] GC(9) Eden regions: 7->0(86)
[5.042s][info][gc,heap      ] GC(9) Survivor regions: 8->2(10)
[5.042s][info][gc,heap      ] GC(9) Old regions: 69->75
[5.042s][info][gc,heap      ] GC(9) Humongous regions: 0->0
[5.042s][info][gc,metaspace ] GC(9) Metaspace: 20286K->20286K(1069056K)
[5.042s][info][gc           ] GC(9) Pause Initial Mark (Metadata GC Threshold) 82M->76M(512M) 11.243ms
[5.042s][info][gc,cpu       ] GC(9) User=0.01s Sys=0.00s Real=0.01s
[5.042s][info][gc           ] GC(10) Concurrent Cycle
[5.042s][info][gc,marking   ] GC(10) Concurrent Clear Claimed Marks
[5.042s][info][gc,marking   ] GC(10) Concurrent Clear Claimed Marks 0.060ms
[5.042s][info][gc,marking   ] GC(10) Concurrent Scan Root Regions
[5.043s][info][gc,marking   ] GC(10) Concurrent Scan Root Regions 1.001ms
[5.043s][info][gc,marking   ] GC(10) Concurrent Mark (5.043s)
[5.043s][info][gc,marking   ] GC(10) Concurrent Mark From Roots
[5.043s][info][gc,task      ] GC(10) Using 1 workers of 1 for marking
[5.060s][info][gc,marking   ] GC(10) Concurrent Mark From Roots 16.676ms
[5.060s][info][gc,marking   ] GC(10) Concurrent Mark (5.043s, 5.060s) 16.720ms
[5.060s][info][gc,start     ] GC(10) Pause Remark
[5.073s][info][gc,stringtable] GC(10) Cleaned string and symbol table, strings: 10730 processed, 41 removed, symbols: 68189 processed, 19 removed
[5.073s][info][gc            ] GC(10) Pause Remark 76M->76M(512M) 12.656ms
[5.073s][info][gc,cpu        ] GC(10) User=0.02s Sys=0.00s Real=0.01s
[5.073s][info][gc,marking    ] GC(10) Concurrent Create Live Data
[5.078s][info][gc,marking    ] GC(10) Concurrent Create Live Data 5.409ms
[5.079s][info][gc,start      ] GC(10) Pause Cleanup
[5.079s][info][gc            ] GC(10) Pause Cleanup 76M->56M(512M) 0.584ms
[5.079s][info][gc,cpu        ] GC(10) User=0.00s Sys=0.00s Real=0.00s
[5.079s][info][gc,marking    ] GC(10) Concurrent Complete Cleanup
[5.079s][info][gc,marking    ] GC(10) Concurrent Complete Cleanup 0.044ms
[5.079s][info][gc,marking    ] GC(10) Concurrent Cleanup for Next Mark
[5.122s][info][gc,marking    ] GC(10) Concurrent Cleanup for Next Mark 42.749ms
[5.122s][info][gc            ] GC(10) Concurrent Cycle 79.847ms
