[0.027s][info][gc,heap] Heap region size: 1M
[0.031s][info][gc     ] Using G1
[0.032s][info][gc,heap,coops] Heap address: 0x00000000e0000000, size: 512 MB, Compressed Oops mode: 32-bit
[1.086s][info][gc,start     ] GC(0) Pause Young (G1 Evacuation Pause)
[1.086s][info][gc,task      ] GC(0) Using 2 workers of 2 for evacuation
[1.095s][info][gc,phases    ] GC(0)   Pre Evacuate Collection Set: 0.0ms
[1.095s][info][gc,phases    ] GC(0)   Evacuate Collection Set: 8.0ms
[1.095s][info][gc,phases    ] GC(0)   Post Evacuate Collection Set: 1.1ms
[1.095s][info][gc,phases    ] GC(0)   Other: 0.2ms
[1.095s][info][gc,heap      ] GC(0) Eden regions: 25->0(21)
[1.095s][info][gc,heap      ] GC(0) Survivor regions: 0->4(4)
[1.095s][info][gc,heap      ] GC(0) Old regions: 0->3
[1.095s][info][gc,heap      ] GC(0) Humongous regions: 0->0
[1.095s][info][gc,metaspace ] GC(0) Metaspace: 13327K->13327K(1062912K)
[1.095s][info][gc           ] GC(0) Pause Young (G1 Evacuation Pause) 25M->6M(512M) 9.366ms
[1.095s][info][gc,cpu       ] GC(0) User=0.02s Sys=0.01s Real=0.00s
[1.581s][info][gc,start     ] GC(1) Pause Young (G1 Evacuation Pause)
[1.581s][info][gc,task      ] GC(1) Using 2 workers of 2 for evacuation
[1.593s][info][gc,phases    ] GC(1)   Pre Evacuate Collection Set: 0.0ms
[1.593s][info][gc,phases    ] GC(1)   Evacuate Collection Set: 8.2ms
[1.593s][info][gc,phases    ] GC(1)   Post Evacuate Collection Set: 3.3ms
[1.593s][info][gc,phases    ] GC(1)   Other: 0.1ms
[1.593s][info][gc,heap      ] GC(1) Eden regions: 21->0(21)
[1.593s][info][gc,heap      ] GC(1) Survivor regions: 4->4(4)
[1.593s][info][gc,heap      ] GC(1) Old regions: 3->9
[1.593s][info][gc,heap      ] GC(1) Humongous regions: 0->0
[1.593s][info][gc,metaspace ] GC(1) Metaspace: 14389K->14389K(1062912K)
[1.593s][info][gc           ] GC(1) Pause Young (G1 Evacuation Pause) 27M->12M(512M) 11.668ms
[1.593s][info][gc,cpu       ] GC(1) User=0.02s Sys=0.00s Real=0.01s
[1.894s][info][gc,start     ] GC(2) Pause Young (G1 Evacuation Pause)
[1.894s][info][gc,task      ] GC(2) Using 2 workers of 2 for evacuation
[1.908s][info][gc,phases    ] GC(2)   Pre Evacuate Collection Set: 0.0ms
[1.908s][info][gc,phases    ] GC(2)   Evacuate Collection Set: 9.3ms
[1.908s][info][gc,phases    ] GC(2)   Post Evacuate Collection Set: 4.4ms
[1.908s][info][gc,phases    ] GC(2)   Other: 0.2ms
[1.908s][info][gc,heap      ] GC(2) Eden regions: 21->0(21)
[1.908s][info][gc,heap      ] GC(2) Survivor regions: 4->4(4)
[1.908s][info][gc,heap      ] GC(2) Old regions: 9->15
[1.908s][info][gc,heap      ] GC(2) Humongous regions: 0->0
[1.908s][info][gc,metaspace ] GC(2) Metaspace: 14411K->14411K(1062912K)
[1.908s][info][gc           ] GC(2) Pause Young (G1 Evacuation Pause) 33M->18M(512M) 13.931ms
[1.908s][info][gc,cpu       ] GC(2) User=0.03s Sys=0.00s Real=0.02s
[2.228s][info][gc,start     ] GC(3) Pause Young (G1 Evacuation Pause)
[2.228s][info][gc,task      ] GC(3) Using 2 workers of 2 for evacuation
[2.240s][info][gc,phases    ] GC(3)   Pre Evacuate Collection Set: 0.0ms
[2.240s][info][gc,phases    ] GC(3)   Evacuate Collection Set: 6.3ms
[2.240s][info][gc,phases    ] GC(3)   Post Evacuate Collection Set: 5.4ms
[2.240s][info][gc,phases    ] GC(3)   Other: 0.1ms
[2.240s][info][gc,heap      ] GC(3) Eden regions: 21->0(25)
[2.240s][info][gc,heap      ] GC(3) Survivor regions: 4->4(4)
[2.240s][info][gc,heap      ] GC(3) Old regions: 15->22
[2.240s][info][gc,heap      ] GC(3) Humongous regions: 0->0
[2.240s][info][gc,metaspace ] GC(3) Metaspace: 14442K->14442K(1062912K)
[2.240s][info][gc           ] GC(3) Pause Young (G1 Evacuation Pause) 39M->25M(512M) 11.953ms
[2.240s][info][gc,cpu       ] GC(3) User=0.01s Sys=0.00s Real=0.01s
[2.495s][info][gc,start     ] GC(4) Pause Young (G1 Evacuation Pause)
[2.495s][info][gc,task      ] GC(4) Using 2 workers of 2 for evacuation
[2.514s][info][gc,phases    ] GC(4)   Pre Evacuate Collection Set: 0.0ms
[2.514s][info][gc,phases    ] GC(4)   Evacuate Collection Set: 11.7ms
[2.514s][info][gc,phases    ] GC(4)   Post Evacuate Collection Set: 7.3ms
[2.514s][info][gc,phases    ] GC(4)   Other: 0.1ms
[2.514s][info][gc,heap      ] GC(4) Eden regions: 25->0(31)
[2.514s][info][gc,heap      ] GC(4) Survivor regions: 4->4(4)
[2.514s][info][gc,heap      ] GC(4) Old regions: 22->29
[2.514s][info][gc,heap      ] GC(4) Humongous regions: 0->0
[2.514s][info][gc,metaspace ] GC(4) Metaspace: 14442K->14442K(1062912K)
[2.514s][info][gc           ] GC(4) Pause Young (G1 Evacuation Pause) 50M->33M(512M) 19.174ms
[2.514s][info][gc,cpu       ] GC(4) User=0.04s Sys=0.00s Real=0.02s
[2.789s][info][gc,start     ] GC(5) Pause Young (G1 Evacuation Pause)
[2.789s][info][gc,task      ] GC(5) Using 2 workers of 2 for evacuation
[2.812s][info][gc,phases    ] GC(5)   Pre Evacuate Collection Set: 0.0ms
[2.812s][info][gc,phases    ] GC(5)   Evacuate Collection Set: 9.5ms
[2.812s][info][gc,phases    ] GC(5)   Post Evacuate Collection Set: 12.4ms
[2.812s][info][gc,phases    ] GC(5)   Other: 0.2ms
[2.812s][info][gc,heap      ] GC(5) Eden regions: 31->0(36)
[2.812s][info][gc,heap      ] GC(5) Survivor regions: 4->5(5)
[2.812s][info][gc,heap      ] GC(5) Old regions: 29->38
[2.812s][info][gc,heap      ] GC(5) Humongous regions: 0->0
[2.812s][info][gc,metaspace ] GC(5) Metaspace: 14442K->14442K(1062912K)
[2.812s][info][gc           ] GC(5) Pause Young (G1 Evacuation Pause) 64M->42M(512M) 22.192ms
[2.812s][info][gc,cpu       ] GC(5) User=0.04s Sys=0.00s Real=0.02s
[3.249s][info][gc,start     ] GC(6) Pause Young (G1 Evacuation Pause)
[3.249s][info][gc,task      ] GC(6) Using 2 workers of 2 for evacuation
[3.268s][info][gc,phases    ] GC(6)   Pre Evacuate Collection Set: 0.1ms
[3.268s][info][gc,phases    ] GC(6)   Evacuate Collection Set: 9.2ms
[3.268s][info][gc,phases    ] GC(6)   Post Evacuate Collection Set: 9.5ms
[3.268s][info][gc,phases    ] GC(6)   Other: 0.2ms
[3.268s][info][gc,heap      ] GC(6) Eden regions: 36->0(44)
[3.268s][info][gc,heap      ] GC(6) Survivor regions: 5->6(6)
[3.268s][info][gc,heap      ] GC(6) Old regions: 38->48
[3.268s][info][gc,heap      ] GC(6) Humongous regions: 0->0
[3.268s][info][gc,metaspace ] GC(6) Metaspace: 14446K->14446K(1062912K)
[3.268s][info][gc           ] GC(6) Pause Young (G1 Evacuation Pause) 78M->53M(512M) 19.102ms
[3.268s][info][gc,cpu       ] GC(6) User=0.03s Sys=0.00s Real=0.02s
[3.751s][info][gc,start     ] GC(7) Pause Young (G1 Evacuation Pause)
[3.751s][info][gc,task      ] GC(7) Using 2 workers of 2 for evacuation
[3.771s][info][gc,phases    ] GC(7)   Pre Evacuate Collection Set: 0.0ms
[3.771s][info][gc,phases    ] GC(7)   Evacuate Collection Set: 10.4ms
[3.771s][info][gc,phases    ] GC(7)   Post Evacuate Collection Set: 10.0ms
[3.771s][info][gc,phases    ] GC(7)   Other: 0.2ms
[3.771s][info][gc,heap      ] GC(7) Eden regions: 43->0(54)
[3.771s][info][gc,heap      ] GC(7) Survivor regions: 6->7(7)
[3.771s][info][gc,heap      ] GC(7) Old regions: 48->59
[3.771s][info][gc,heap      ] GC(7) Humongous regions: 0->0
[3.771s][info][gc,metaspace ] GC(7) Metaspace: 14446K->14446K(1062912K)
[3.772s][info][gc           ] GC(7) Pause Young (G1 Evacuation Pause) 96M->65M(512M) 20.607ms
[3.772s][info][gc,cpu       ] GC(7) User=0.02s Sys=0.00s Real=0.02s
[4.630s][info][gc,start     ] GC(8) Pause Young (G1 Evacuation Pause)
[4.630s][info][gc,task      ] GC(8) Using 2 workers of 2 for evacuation
[4.651s][info][gc,phases    ] GC(8)   Pre Evacuate Collection Set: 0.0ms
[4.651s][info][gc,phases    ] GC(8)   Evacuate Collection Set: 11.7ms
[4.651s][info][gc,phases    ] GC(8)   Post Evacuate Collection Set: 8.6ms
[4.651s][info][gc,phases    ] GC(8)   Other: 0.2ms
[4.651s][info][gc,heap      ] GC(8) Eden regions: 53->0(69)
[4.651s][info][gc,heap      ] GC(8) Survivor regions: 7->8(8)
[4.651s][info][gc,heap      ] GC(8) Old regions: 59->69
[4.651s][info][gc,heap      ] GC(8) Humongous regions: 0->0
[4.651s][info][gc,metaspace ] GC(8) Metaspace: 18516K->18516K(1067008K)
[4.651s][info][gc           ] GC(8) Pause Young (G1 Evacuation Pause) 118M->77M(512M) 20.543ms
[4.651s][info][gc,cpu       ] GC(8) User=0.03s Sys=0.00s Real=0.02s
[4.933s][info][gc,start     ] GC(9) Pause Initial Mark (Metadata GC Threshold)
[4.933s][info][gc,task      ] GC(9) Using 2 workers of 2 for evacuation
[4.946s][info][gc,phases    ] GC(9)   Pre Evacuate Collection Set: 0.0ms
[4.946s][info][gc,phases    ] GC(9)   Evacuate Collection Set: 11.5ms
[4.946s][info][gc,phases    ] GC(9)   Post Evacuate Collection Set: 1.8ms
[4.946s][info][gc,phases    ] GC(9)   Other: 0.1ms
[4.946s][info][gc,heap      ] GC(9) Eden regions: 7->0(89)
[4.946s][info][gc,heap      ] GC(9) Survivor regions: 8->2(10)
[4.946s][info][gc,heap      ] GC(9) Old regions: 69->76
[4.946s][info][gc,heap      ] GC(9) Humongous regions: 0->0
[4.946s][info][gc,metaspace ] GC(9) Metaspace: 20264K->20264K(1069056K)
[4.946s][info][gc           ] GC(9) Pause Initial Mark (Metadata GC Threshold) 83M->77M(512M) 13.502ms
[4.946s][info][gc,cpu       ] GC(9) User=0.02s Sys=0.00s Real=0.01s
[4.946s][info][gc           ] GC(10) Concurrent Cycle
[4.947s][info][gc,marking   ] GC(10) Concurrent Clear Claimed Marks
[4.947s][info][gc,marking   ] GC(10) Concurrent Clear Claimed Marks 0.043ms
[4.947s][info][gc,marking   ] GC(10) Concurrent Scan Root Regions
[4.949s][info][gc,marking   ] GC(10) Concurrent Scan Root Regions 2.306ms
[4.949s][info][gc,marking   ] GC(10) Concurrent Mark (4.949s)
[4.949s][info][gc,marking   ] GC(10) Concurrent Mark From Roots
[4.949s][info][gc,task      ] GC(10) Using 1 workers of 1 for marking
[4.981s][info][gc,marking   ] GC(10) Concurrent Mark From Roots 32.585ms
[4.982s][info][gc,marking   ] GC(10) Concurrent Mark (4.949s, 4.982s) 32.639ms
[4.982s][info][gc,start     ] GC(10) Pause Remark
[4.994s][info][gc,stringtable] GC(10) Cleaned string and symbol table, strings: 10747 processed, 41 removed, symbols: 68431 processed, 16 removed
[4.994s][info][gc            ] GC(10) Pause Remark 78M->78M(512M) 12.669ms
[4.994s][info][gc,cpu        ] GC(10) User=0.02s Sys=0.01s Real=0.01s
[4.995s][info][gc,marking    ] GC(10) Concurrent Create Live Data
[5.000s][info][gc,marking    ] GC(10) Concurrent Create Live Data 5.172ms
[5.006s][info][gc,start      ] GC(10) Pause Cleanup
[5.009s][info][gc            ] GC(10) Pause Cleanup 78M->57M(512M) 3.397ms
[5.009s][info][gc,cpu        ] GC(10) User=0.00s Sys=0.00s Real=0.00s
[5.013s][info][gc,marking    ] GC(10) Concurrent Complete Cleanup
[5.013s][info][gc,marking    ] GC(10) Concurrent Complete Cleanup 0.054ms
[5.013s][info][gc,marking    ] GC(10) Concurrent Cleanup for Next Mark
[5.025s][info][gc,marking    ] GC(10) Concurrent Cleanup for Next Mark 11.488ms
[5.025s][info][gc            ] GC(10) Concurrent Cycle 78.404ms
[431.979s][info][gc,start      ] GC(11) Pause Initial Mark (Metadata GC Threshold)
[431.979s][info][gc,task       ] GC(11) Using 2 workers of 2 for evacuation
[432.011s][info][gc,phases     ] GC(11)   Pre Evacuate Collection Set: 0.0ms
[432.011s][info][gc,phases     ] GC(11)   Evacuate Collection Set: 25.5ms
[432.011s][info][gc,phases     ] GC(11)   Post Evacuate Collection Set: 5.7ms
[432.011s][info][gc,phases     ] GC(11)   Other: 0.2ms
[432.011s][info][gc,heap       ] GC(11) Eden regions: 85->0(295)
[432.011s][info][gc,heap       ] GC(11) Survivor regions: 2->12(12)
[432.011s][info][gc,heap       ] GC(11) Old regions: 55->56
[432.011s][info][gc,heap       ] GC(11) Humongous regions: 9->3
[432.011s][info][gc,metaspace  ] GC(11) Metaspace: 33641K->33641K(1081344K)
[432.011s][info][gc            ] GC(11) Pause Initial Mark (Metadata GC Threshold) 150M->70M(512M) 31.433ms
[432.011s][info][gc,cpu        ] GC(11) User=0.05s Sys=0.01s Real=0.03s
[432.015s][info][gc            ] GC(12) Concurrent Cycle
[432.015s][info][gc,marking    ] GC(12) Concurrent Clear Claimed Marks
[432.015s][info][gc,marking    ] GC(12) Concurrent Clear Claimed Marks 0.068ms
[432.015s][info][gc,marking    ] GC(12) Concurrent Scan Root Regions
[432.019s][info][gc,marking    ] GC(12) Concurrent Scan Root Regions 3.924ms
[432.019s][info][gc,marking    ] GC(12) Concurrent Mark (432.019s)
[432.019s][info][gc,marking    ] GC(12) Concurrent Mark From Roots
[432.019s][info][gc,task       ] GC(12) Using 1 workers of 1 for marking
[432.028s][info][gc,marking    ] GC(12) Concurrent Mark From Roots 8.997ms
[432.028s][info][gc,marking    ] GC(12) Concurrent Mark (432.019s, 432.028s) 9.063ms
[432.035s][info][gc,start      ] GC(12) Pause Remark
[432.046s][info][gc,stringtable] GC(12) Cleaned string and symbol table, strings: 14940 processed, 0 removed, symbols: 101732 processed, 35 removed
[432.046s][info][gc            ] GC(12) Pause Remark 71M->71M(512M) 11.776ms
[432.046s][info][gc,cpu        ] GC(12) User=0.02s Sys=0.00s Real=0.02s
[432.047s][info][gc,marking    ] GC(12) Concurrent Create Live Data
[432.058s][info][gc,marking    ] GC(12) Concurrent Create Live Data 11.135ms
[432.058s][info][gc,start      ] GC(12) Pause Cleanup
[432.059s][info][gc            ] GC(12) Pause Cleanup 71M->57M(512M) 0.649ms
[432.059s][info][gc,cpu        ] GC(12) User=0.00s Sys=0.00s Real=0.00s
[432.059s][info][gc,marking    ] GC(12) Concurrent Complete Cleanup
[432.059s][info][gc,marking    ] GC(12) Concurrent Complete Cleanup 0.036ms
[432.059s][info][gc,marking    ] GC(12) Concurrent Cleanup for Next Mark
[432.094s][info][gc,marking    ] GC(12) Concurrent Cleanup for Next Mark 34.709ms
[432.094s][info][gc            ] GC(12) Concurrent Cycle 79.020ms
[453.063s][info][gc,heap,exit  ] Heap
[453.063s][info][gc,heap,exit  ]  garbage-first heap   total 524288K, used 77312K [0x00000000e0000000, 0x00000000e0101000, 0x0000000100000000)
[453.063s][info][gc,heap,exit  ]   region size 1024K, 32 young (32768K), 12 survivors (12288K)
[453.063s][info][gc,heap,exit  ]  Metaspace       used 34080K, capacity 36106K, committed 36352K, reserved 1081344K
[453.063s][info][gc,heap,exit  ]   class space    used 4024K, capacity 4262K, committed 4352K, reserved 1048576K
